F.........................................                               [100%]
================================== FAILURES ===================================
__________ test_oracle_real_current_user_names_decimal_unicode_lobs ___________

oracle_target = NativeTarget(config=<credentials redacted>, engine=<isolated target>)

    def test_oracle_real_current_user_names_decimal_unicode_lobs(oracle_target: tuple[DbConnectionConfig, Engine]) -> None:
        config, engine = oracle_target
        adapter = OracleAdapter()
        assert adapter.test_connection(config)
        table = "native_" + uuid4().hex[:12]
        created = False
        try:
            adapter.execute(config, f'CREATE TABLE {table} (id NUMBER(10) PRIMARY KEY, "id" NUMBER(10),'
                '"MixedName" NVARCHAR2(50), amount NUMBER(38,12) NOT NULL, content CLOB, payload BLOB, created TIMESTAMP(6))')
            created = True
            adapter.execute(config, f"INSERT INTO {table} VALUES (1,2,N'中文🙂',12345678901234567890.123456789012,"
                "TO_CLOB('Unicode 文本'),HEXTORAW('010203'),TIMESTAMP '2026-10-01 02:03:04.123456')")
            with engine.begin() as connection:
                connection.exec_driver_sql(f"COMMENT ON TABLE {table} IS '当前用户真实表'")
                connection.exec_driver_sql(f"CREATE INDEX ix_{table} ON {table} (amount)")
            time.sleep(1.1)  # Keep fixture DDL before Oracle's READ ONLY snapshot.
            result = adapter.execute(config, f"SELECT * FROM {table}", trial_mode=True)
            assert result["data"] == [{"ID": 1, "id": 2, "MixedName": "中文🙂", "AMOUNT": "12345678901234567890.123456789012",
                                      "CONTENT": "Unicode 文本", "PAYLOAD": "AQID", "CREATED": "2026-10-01T02:03:04.123456"}]
            metadata = adapter.extract_metadata(config)
            assert metadata["incomplete"] is False, metadata["errorMessage"]
            actual = next(value for value in metadata["tables"] if value["name"] == table.upper())
            assert actual["rowCount"] == 1 and actual["comment"] == "当前用户真实表"
            columns = {column["name"]: column for column in actual["columns"]}
            assert columns["ID"]["primaryKey"] is True and columns["id"]["primaryKey"] is False
>           assert columns["AMOUNT"]["nullable"] is False and columns["AMOUNT"]["type"] == "NUMBER(38, 12)"
E           AssertionError: assert (False is False and 'NUMBER' == 'NUMBER(38, 12)'
E             
E             - NUMBER(38, 12)
E             + NUMBER)

tests\test_oracle_real.py:49: AssertionError
=========================== short test summary info ===========================
FAILED tests/test_oracle_real.py::test_oracle_real_current_user_names_decimal_unicode_lobs
1 failed, 41 passed in 26.13s
