F                                                                        [100%]
================================== FAILURES ===================================
___________ test_oracle_real_cancel_confirmation_and_unknown_write ____________

oracle_target = NativeTarget(config=<credentials redacted>, engine=<isolated target>)

    def test_oracle_real_cancel_confirmation_and_unknown_write(oracle_target: tuple[DbConnectionConfig, Engine]) -> None:
        config, engine = oracle_target
        signal = threading.Event()
        with blocked_table(engine) as table:
            timer = threading.Timer(0.4, signal.set)
            timer.start()
            try:
                with pytest.raises(DatabaseExecutionInterrupted) as captured:
                    OracleAdapter().execute(config, f"UPDATE {table} SET value=9 WHERE id=1", cancel_event=signal, timeout_seconds=5)
                assert captured.value.reason == "cancelled"
                assert captured.value.cancel_request_sent is True
                cause = captured.value.__cause__
                details = getattr(cause.orig, "args", ()) if isinstance(cause, DBAPIError) else ()
                info = {"cause_type": type(cause).__name__, "code": getattr(details[0], "code", None) if details else None,
                        "full_code": getattr(details[0], "full_code", None) if details else None}
>               assert captured.value.server_termination_confirmed is True, info
E               AssertionError: {'cause_type': 'DatabaseError', 'code': 0, 'full_code': 'DPY-4011'}
E               assert False is True
E                +  where False = DatabaseExecutionInterrupted('Database execution cancelled; cancel request sent=True; server termination confirmed=False; write outcome unknown=True').server_termination_confirmed
E                +    where DatabaseExecutionInterrupted('Database execution cancelled; cancel request sent=True; server termination confirmed=False; write outcome unknown=True') = <ExceptionInfo DatabaseExecutionInterrupted('Database execution cancelled; cancel request sent=True; server termination confirmed=False; write outcome unknown=True') tblen=3>.value

tests\test_oracle_real.py:122: AssertionError
=========================== short test summary info ===========================
FAILED tests/test_oracle_real.py::test_oracle_real_cancel_confirmation_and_unknown_write
1 failed in 12.38s
